---
http_interactions:
- request:
    method: get
    uri: https://abc123:@beta-geezeosandbox.geezeo.com/api/v1/users/testy/accounts
    body:
      encoding: US-ASCII
      string: ''
    headers: {}
  response:
    status:
      code: 200
      message: OK
    headers:
      Date:
      - Tue, 09 Jul 2013 02:29:13 GMT
      Status:
      - 200 OK
      Content-Type:
      - application/json; charset=utf-8
      X-Ua-Compatible:
      - IE=Edge,chrome=1
      Etag:
      - '"a29ef53449da5ddf0dbd77957ad726c8"'
      Cache-Control:
      - must-revalidate, private, max-age=0, no-cache, no-store
      X-Runtime:
      - '0.060807'
      X-Rack-Cache:
      - miss
      Vary:
      - Accept-Encoding,User-Agent
      P3p:
      - CP="IDC DSP COR CURa ADMa OUR IND PHY ONL COM STA"
      X-Request-Start:
      - t=1373336953876102
      X-Trace:
      - 1BD20DF6FF460BA2496B491E59712038B1BD84EFD7AE06A45AF19269DC
      Transfer-Encoding:
      - chunked
    body:
      encoding: UTF-8
      string: '{"accounts":[{"id":4372082,"name":"eChecking","balance":"300.54","reference_id":"789274930","aggregation_type":"partner","state":"active","harvest_updated_at":null,"account_type":null,"fi":null},{"id":4372083,"name":"Complete
        Savings","balance":"1000.0","reference_id":"278914032","aggregation_type":"partner","state":"active","harvest_updated_at":null,"account_type":null,"fi":null},{"id":4372084,"name":"Preferred
        Plus Card","balance":"769.88","reference_id":"10984092","aggregation_type":"partner","state":"active","harvest_updated_at":null,"account_type":null,"fi":null}]}'
    http_version: 
  recorded_at: Tue, 09 Jul 2013 02:29:14 GMT
- request:
    method: get
    uri: https://abc123:@beta-geezeosandbox.geezeo.com/api/v1/users/testy/accounts/4372082/transactions?page=1
    body:
      encoding: US-ASCII
      string: ''
    headers: {}
  response:
    status:
      code: 200
      message: OK
    headers:
      Date:
      - Tue, 09 Jul 2013 02:29:14 GMT
      Status:
      - 200 OK
      Content-Type:
      - application/json; charset=utf-8
      X-Ua-Compatible:
      - IE=Edge,chrome=1
      Etag:
      - '"4b0820c08b44461c6e1112848813f548"'
      Cache-Control:
      - must-revalidate, private, max-age=0, no-cache, no-store
      X-Runtime:
      - '0.119063'
      X-Rack-Cache:
      - miss
      Vary:
      - Accept-Encoding,User-Agent
      P3p:
      - CP="IDC DSP COR CURa ADMa OUR IND PHY ONL COM STA"
      X-Request-Start:
      - t=1373336954474901
      X-Trace:
      - 1B00C2BF636F31FF17165176EDC9EA400C1102AAB47AD0C3FC3E0BFFE6
      Transfer-Encoding:
      - chunked
    body:
      encoding: UTF-8
      string: '{"pages":{"total_pages":6,"current_page":1},"transactions":[{"transaction":{"id":"a5ac6f90-6319-4065-93a6-b502f182f53c","reference_id":null,"transaction_type":"Debit","memo":"GameStop","balance":59.99,"posted_at":"2013-06-20T00:00:00+00:00","created_at":"2013-06-20T23:47:45+00:00","nickname":"GameStop","original_name":"GameStop","check_number":null,"tags":[{"tag":{"name":"Entertainment","balance":59.99}}]}},{"transaction":{"id":"4471f06a-a3ac-4d7c-95c3-402203623c25","reference_id":null,"transaction_type":"Debit","memo":"Check
        #125","balance":200.0,"posted_at":"2013-06-19T00:00:00+00:00","created_at":"2013-06-20T23:47:46+00:00","nickname":"Check
        #125","original_name":"Check #125","check_number":null,"tags":[{"tag":{"name":"Personal","balance":200.0}}]}},{"transaction":{"id":"d6bac79d-935a-4416-83a0-24bdd83fbc1c","reference_id":null,"transaction_type":"Credit","memo":"Company
        Payroll","balance":2809.85,"posted_at":"2013-06-18T00:00:00+00:00","created_at":"2013-06-20T23:47:47+00:00","nickname":"Company
        Payroll","original_name":"Company Payroll","check_number":null,"tags":[{"tag":{"name":"Income","balance":2809.85}}]}},{"transaction":{"id":"08709837-a4b2-4c10-8ffb-02a96c24d98d","reference_id":null,"transaction_type":"Debit","memo":"California
        Pizza Kitchen","balance":35.45,"posted_at":"2013-06-15T00:00:00+00:00","created_at":"2013-06-20T23:47:47+00:00","nickname":"California
        Pizza Kitchen","original_name":"California Pizza Kitchen","check_number":null,"tags":[{"tag":{"name":"Diningout","balance":35.45}}]}},{"transaction":{"id":"bf026b9a-8f5b-4aa6-a547-526b6acc52c9","reference_id":null,"transaction_type":"Debit","memo":"Progressive
        Insurance","balance":160.48,"posted_at":"2013-06-12T00:00:00+00:00","created_at":"2013-06-20T23:47:48+00:00","nickname":"Progressive
        Insurance","original_name":"Progressive Insurance","check_number":null,"tags":[{"tag":{"name":"Utilities","balance":160.48}}]}},{"transaction":{"id":"c5d612b8-d300-477c-954f-a3417042001e","reference_id":null,"transaction_type":"Debit","memo":"Dicks
        Sporting Goods","balance":45.63,"posted_at":"2013-06-10T00:00:00+00:00","created_at":"2013-06-20T23:47:49+00:00","nickname":"Dicks
        Sporting Goods","original_name":"Dicks Sporting Goods","check_number":null,"tags":[{"tag":{"name":"Personal","balance":45.63}}]}}]}'
    http_version: 
  recorded_at: Tue, 09 Jul 2013 02:29:15 GMT
- request:
    method: get
    uri: https://abc123:@beta-geezeosandbox.geezeo.com/api/v1/users/testy/accounts/4372082/transactions?page=1
    body:
      encoding: US-ASCII
      string: ''
    headers: {}
  response:
    status:
      code: 200
      message: OK
    headers:
      Date:
      - Tue, 09 Jul 2013 02:29:15 GMT
      Status:
      - 200 OK
      Content-Type:
      - application/json; charset=utf-8
      X-Ua-Compatible:
      - IE=Edge,chrome=1
      Etag:
      - '"4b0820c08b44461c6e1112848813f548"'
      Cache-Control:
      - must-revalidate, private, max-age=0, no-cache, no-store
      X-Runtime:
      - '0.112979'
      X-Rack-Cache:
      - miss
      Vary:
      - Accept-Encoding,User-Agent
      P3p:
      - CP="IDC DSP COR CURa ADMa OUR IND PHY ONL COM STA"
      X-Request-Start:
      - t=1373336955145975
      X-Trace:
      - 1BEC80B2929436601892DD37A947B532935AC2328A89BCF2C580D81B85
      Transfer-Encoding:
      - chunked
    body:
      encoding: UTF-8
      string: '{"pages":{"total_pages":6,"current_page":1},"transactions":[{"transaction":{"id":"a5ac6f90-6319-4065-93a6-b502f182f53c","reference_id":null,"transaction_type":"Debit","memo":"GameStop","balance":59.99,"posted_at":"2013-06-20T00:00:00+00:00","created_at":"2013-06-20T23:47:45+00:00","nickname":"GameStop","original_name":"GameStop","check_number":null,"tags":[{"tag":{"name":"Entertainment","balance":59.99}}]}},{"transaction":{"id":"4471f06a-a3ac-4d7c-95c3-402203623c25","reference_id":null,"transaction_type":"Debit","memo":"Check
        #125","balance":200.0,"posted_at":"2013-06-19T00:00:00+00:00","created_at":"2013-06-20T23:47:46+00:00","nickname":"Check
        #125","original_name":"Check #125","check_number":null,"tags":[{"tag":{"name":"Personal","balance":200.0}}]}},{"transaction":{"id":"d6bac79d-935a-4416-83a0-24bdd83fbc1c","reference_id":null,"transaction_type":"Credit","memo":"Company
        Payroll","balance":2809.85,"posted_at":"2013-06-18T00:00:00+00:00","created_at":"2013-06-20T23:47:47+00:00","nickname":"Company
        Payroll","original_name":"Company Payroll","check_number":null,"tags":[{"tag":{"name":"Income","balance":2809.85}}]}},{"transaction":{"id":"08709837-a4b2-4c10-8ffb-02a96c24d98d","reference_id":null,"transaction_type":"Debit","memo":"California
        Pizza Kitchen","balance":35.45,"posted_at":"2013-06-15T00:00:00+00:00","created_at":"2013-06-20T23:47:47+00:00","nickname":"California
        Pizza Kitchen","original_name":"California Pizza Kitchen","check_number":null,"tags":[{"tag":{"name":"Diningout","balance":35.45}}]}},{"transaction":{"id":"bf026b9a-8f5b-4aa6-a547-526b6acc52c9","reference_id":null,"transaction_type":"Debit","memo":"Progressive
        Insurance","balance":160.48,"posted_at":"2013-06-12T00:00:00+00:00","created_at":"2013-06-20T23:47:48+00:00","nickname":"Progressive
        Insurance","original_name":"Progressive Insurance","check_number":null,"tags":[{"tag":{"name":"Utilities","balance":160.48}}]}},{"transaction":{"id":"c5d612b8-d300-477c-954f-a3417042001e","reference_id":null,"transaction_type":"Debit","memo":"Dicks
        Sporting Goods","balance":45.63,"posted_at":"2013-06-10T00:00:00+00:00","created_at":"2013-06-20T23:47:49+00:00","nickname":"Dicks
        Sporting Goods","original_name":"Dicks Sporting Goods","check_number":null,"tags":[{"tag":{"name":"Personal","balance":45.63}}]}}]}'
    http_version: 
  recorded_at: Tue, 09 Jul 2013 02:29:16 GMT
- request:
    method: get
    uri: https://abc123:@beta-geezeosandbox.geezeo.com/api/v1/users/testy/accounts/4372082/transactions?page=1
    body:
      encoding: US-ASCII
      string: ''
    headers: {}
  response:
    status:
      code: 200
      message: OK
    headers:
      Date:
      - Tue, 09 Jul 2013 02:29:15 GMT
      Status:
      - 200 OK
      Content-Type:
      - application/json; charset=utf-8
      X-Ua-Compatible:
      - IE=Edge,chrome=1
      Etag:
      - '"4b0820c08b44461c6e1112848813f548"'
      Cache-Control:
      - must-revalidate, private, max-age=0, no-cache, no-store
      X-Runtime:
      - '0.090220'
      X-Rack-Cache:
      - miss
      Vary:
      - Accept-Encoding,User-Agent
      P3p:
      - CP="IDC DSP COR CURa ADMa OUR IND PHY ONL COM STA"
      X-Request-Start:
      - t=1373336955804347
      X-Trace:
      - 1B8A97ADAD46C4A8C1B7665438C5E8793AEBA587DC5F3ED61A0F7050AB
      Transfer-Encoding:
      - chunked
    body:
      encoding: UTF-8
      string: '{"pages":{"total_pages":6,"current_page":1},"transactions":[{"transaction":{"id":"a5ac6f90-6319-4065-93a6-b502f182f53c","reference_id":null,"transaction_type":"Debit","memo":"GameStop","balance":59.99,"posted_at":"2013-06-20T00:00:00+00:00","created_at":"2013-06-20T23:47:45+00:00","nickname":"GameStop","original_name":"GameStop","check_number":null,"tags":[{"tag":{"name":"Entertainment","balance":59.99}}]}},{"transaction":{"id":"4471f06a-a3ac-4d7c-95c3-402203623c25","reference_id":null,"transaction_type":"Debit","memo":"Check
        #125","balance":200.0,"posted_at":"2013-06-19T00:00:00+00:00","created_at":"2013-06-20T23:47:46+00:00","nickname":"Check
        #125","original_name":"Check #125","check_number":null,"tags":[{"tag":{"name":"Personal","balance":200.0}}]}},{"transaction":{"id":"d6bac79d-935a-4416-83a0-24bdd83fbc1c","reference_id":null,"transaction_type":"Credit","memo":"Company
        Payroll","balance":2809.85,"posted_at":"2013-06-18T00:00:00+00:00","created_at":"2013-06-20T23:47:47+00:00","nickname":"Company
        Payroll","original_name":"Company Payroll","check_number":null,"tags":[{"tag":{"name":"Income","balance":2809.85}}]}},{"transaction":{"id":"08709837-a4b2-4c10-8ffb-02a96c24d98d","reference_id":null,"transaction_type":"Debit","memo":"California
        Pizza Kitchen","balance":35.45,"posted_at":"2013-06-15T00:00:00+00:00","created_at":"2013-06-20T23:47:47+00:00","nickname":"California
        Pizza Kitchen","original_name":"California Pizza Kitchen","check_number":null,"tags":[{"tag":{"name":"Diningout","balance":35.45}}]}},{"transaction":{"id":"bf026b9a-8f5b-4aa6-a547-526b6acc52c9","reference_id":null,"transaction_type":"Debit","memo":"Progressive
        Insurance","balance":160.48,"posted_at":"2013-06-12T00:00:00+00:00","created_at":"2013-06-20T23:47:48+00:00","nickname":"Progressive
        Insurance","original_name":"Progressive Insurance","check_number":null,"tags":[{"tag":{"name":"Utilities","balance":160.48}}]}},{"transaction":{"id":"c5d612b8-d300-477c-954f-a3417042001e","reference_id":null,"transaction_type":"Debit","memo":"Dicks
        Sporting Goods","balance":45.63,"posted_at":"2013-06-10T00:00:00+00:00","created_at":"2013-06-20T23:47:49+00:00","nickname":"Dicks
        Sporting Goods","original_name":"Dicks Sporting Goods","check_number":null,"tags":[{"tag":{"name":"Personal","balance":45.63}}]}}]}'
    http_version: 
  recorded_at: Tue, 09 Jul 2013 02:29:16 GMT
- request:
    method: get
    uri: https://abc123:@beta-geezeosandbox.geezeo.com/api/v1/users/testy/accounts/4372082/transactions?page=1
    body:
      encoding: US-ASCII
      string: ''
    headers: {}
  response:
    status:
      code: 200
      message: OK
    headers:
      Date:
      - Tue, 09 Jul 2013 02:29:16 GMT
      Status:
      - 200 OK
      Content-Type:
      - application/json; charset=utf-8
      X-Ua-Compatible:
      - IE=Edge,chrome=1
      Etag:
      - '"4b0820c08b44461c6e1112848813f548"'
      Cache-Control:
      - must-revalidate, private, max-age=0, no-cache, no-store
      X-Runtime:
      - '0.247478'
      X-Rack-Cache:
      - miss
      Vary:
      - Accept-Encoding,User-Agent
      P3p:
      - CP="IDC DSP COR CURa ADMa OUR IND PHY ONL COM STA"
      X-Request-Start:
      - t=1373336956450789
      X-Trace:
      - 1BEDC6F94E8B645484A61954F191BBD3567C397D1F5065D61B9A49B5A0
      Transfer-Encoding:
      - chunked
    body:
      encoding: UTF-8
      string: '{"pages":{"total_pages":6,"current_page":1},"transactions":[{"transaction":{"id":"a5ac6f90-6319-4065-93a6-b502f182f53c","reference_id":null,"transaction_type":"Debit","memo":"GameStop","balance":59.99,"posted_at":"2013-06-20T00:00:00+00:00","created_at":"2013-06-20T23:47:45+00:00","nickname":"GameStop","original_name":"GameStop","check_number":null,"tags":[{"tag":{"name":"Entertainment","balance":59.99}}]}},{"transaction":{"id":"4471f06a-a3ac-4d7c-95c3-402203623c25","reference_id":null,"transaction_type":"Debit","memo":"Check
        #125","balance":200.0,"posted_at":"2013-06-19T00:00:00+00:00","created_at":"2013-06-20T23:47:46+00:00","nickname":"Check
        #125","original_name":"Check #125","check_number":null,"tags":[{"tag":{"name":"Personal","balance":200.0}}]}},{"transaction":{"id":"d6bac79d-935a-4416-83a0-24bdd83fbc1c","reference_id":null,"transaction_type":"Credit","memo":"Company
        Payroll","balance":2809.85,"posted_at":"2013-06-18T00:00:00+00:00","created_at":"2013-06-20T23:47:47+00:00","nickname":"Company
        Payroll","original_name":"Company Payroll","check_number":null,"tags":[{"tag":{"name":"Income","balance":2809.85}}]}},{"transaction":{"id":"08709837-a4b2-4c10-8ffb-02a96c24d98d","reference_id":null,"transaction_type":"Debit","memo":"California
        Pizza Kitchen","balance":35.45,"posted_at":"2013-06-15T00:00:00+00:00","created_at":"2013-06-20T23:47:47+00:00","nickname":"California
        Pizza Kitchen","original_name":"California Pizza Kitchen","check_number":null,"tags":[{"tag":{"name":"Diningout","balance":35.45}}]}},{"transaction":{"id":"bf026b9a-8f5b-4aa6-a547-526b6acc52c9","reference_id":null,"transaction_type":"Debit","memo":"Progressive
        Insurance","balance":160.48,"posted_at":"2013-06-12T00:00:00+00:00","created_at":"2013-06-20T23:47:48+00:00","nickname":"Progressive
        Insurance","original_name":"Progressive Insurance","check_number":null,"tags":[{"tag":{"name":"Utilities","balance":160.48}}]}},{"transaction":{"id":"c5d612b8-d300-477c-954f-a3417042001e","reference_id":null,"transaction_type":"Debit","memo":"Dicks
        Sporting Goods","balance":45.63,"posted_at":"2013-06-10T00:00:00+00:00","created_at":"2013-06-20T23:47:49+00:00","nickname":"Dicks
        Sporting Goods","original_name":"Dicks Sporting Goods","check_number":null,"tags":[{"tag":{"name":"Personal","balance":45.63}}]}}]}'
    http_version: 
  recorded_at: Tue, 09 Jul 2013 02:29:18 GMT
recorded_with: VCR 2.5.0
